
=== Analyzing test/legacy/assumed_size.f ===
line 3: [modernize-avoid-assumed-size] Assumed-size dummy(*) prevents optimization; use explicit or assumed-shape
[modernize-avoid-fixed-form] Fixed-form source (column-sensitive) detected; convert to free-form

[Impact Analyzer] Finished Semantic Indexing

[Symbol Index Dump]

[Impact Report] No findings.
