
=== Analyzing /home/dell/flang-modernizer/test/legacy/common1.f ===
[modernize-avoid-common-block] COMMON blocks prevent encapsulation; replace with MODULE variables
[modernize-avoid-fixed-form] Fixed-form source (column-sensitive) detected; convert to free-form

=== Analyzing /home/dell/flang-modernizer/test/legacy/common2.f ===
[modernize-avoid-common-block] COMMON blocks prevent encapsulation; replace with MODULE variables
[modernize-avoid-fixed-form] Fixed-form source (column-sensitive) detected; convert to free-form

=== Analyzing /home/dell/flang-modernizer/test/legacy/common3.f ===
[modernize-avoid-common-block] COMMON blocks prevent encapsulation; replace with MODULE variables
[modernize-avoid-fixed-form] Fixed-form source (column-sensitive) detected; convert to free-form

[Impact Analyzer] Finished Semantic Indexing

[Symbol Index Dump]
COMMON /physdat/
  - /home/dell/flang-modernizer/test/legacy/common1.f  signature: [REAL(4)|REAL(4)|]
  - /home/dell/flang-modernizer/test/legacy/common2.f  signature: [REAL(4)|REAL(4)|]
  - /home/dell/flang-modernizer/test/legacy/common3.f  signature: [INTEGER(4)|INTEGER(4)|]
  *** WARNING: Inconsistent declarations! Not safe to modernize automatically.

========================================
  MODERNIZATION IMPACT REPORT
========================================
#   RISK      EFFORT FILES  SCORE   CONSTRUCT
----------------------------------------
1   UNSAFE    3      3      27      COMMON /physdat/
    -> Inconsistent declarations across 3 file(s) — type aliasing risk!
========================================
Total findings: 1
